=== cargo build --all-targets on clean core/v0.8.0 (background) ===
    Updating crates.io index
    Updating git repository `https://github.com/oxidezap/whatsapp-rust`
 Downloading crates ...
  Downloaded rustc-hash v1.1.0
  Downloaded quick-error v2.0.1
  Downloaded fastrand v2.4.1
  Downloaded tokio-macros v2.7.0
  Downloaded axum-macros v0.5.1
  Downloaded pulldown-cmark-escape v0.11.0
  Downloaded compression-core v0.4.32
  Downloaded fluent v0.16.1
  Downloaded clap-markdown v0.1.5
  Downloaded intl_pluralrules v7.0.2
  Downloaded idna_adapter v1.2.2
  Downloaded http-range-header v0.4.2
  Downloaded rand_core v0.10.1
  Downloaded autocfg v1.5.1
  Downloaded num-conv v0.2.2
  Downloaded hyper-rustls v0.27.9
  Downloaded self_cell v0.10.3
  Downloaded fluent-langneg v0.13.1
  Downloaded zerofrom v0.1.8
  Downloaded unic-langid v0.9.6
  Downloaded siphasher v1.0.3
  Downloaded pkg-config v0.3.33
  Downloaded filetime v0.2.29
  Downloaded fluent-bundle v0.15.3
  Downloaded pin-project-internal v1.1.13
  Downloaded lru v0.16.4
  Downloaded either v1.16.0
  Downloaded data-encoding v2.11.0
  Downloaded compression-codecs v0.4.38
  Downloaded writeable v0.6.3
  Downloaded imap-proto v0.16.7
  Downloaded unic-langid-impl v0.9.6
  Downloaded uuid v1.23.1
  Downloaded toml_edit v0.25.12+spec-1.1.0
  Downloaded rustls-webpki v0.103.13
  Downloaded typenum v1.20.0
  Downloaded rumqttc v0.25.1
  Downloaded zerocopy-derive v0.8.49
  Downloaded winnow v1.0.3
  Downloaded h2 v0.4.14
  Downloaded zerocopy v0.8.49
  Downloaded rustls v0.23.40
  Downloaded intl-memoizer v0.5.3
  Downloaded fluent-syntax v0.11.1
  Downloaded axum v0.8.9
  Downloaded webpki-roots v1.0.7
  Downloaded tokio v1.52.3
  Downloaded pxfm v0.1.29
  Downloaded zip v8.6.0
  Downloaded displaydoc v0.2.6
  Downloaded serde_json v1.0.150
  Downloaded security-framework v3.7.0
  Downloaded pin-project v1.1.13
  Downloaded clap_derive v4.6.1
  Downloaded type-map v0.5.1
  Downloaded pulldown-cmark v0.13.4
  Downloaded libc v0.2.186
  Downloaded tower-http v0.6.11
  Downloaded tar v0.4.46
  Downloaded lettre v0.11.22
  Downloaded hyper v1.10.0
  Downloaded hashbrown v0.17.1
  Downloaded rayon v1.12.0
  Downloaded rand v0.10.1
  Downloaded rand v0.9.4
  Downloaded memchr v2.8.1
  Downloaded indexmap v2.14.0
  Downloaded compact_str v0.9.1
  Downloaded cc v1.2.62
  Downloaded async-compression v0.4.42
  Downloaded rand v0.8.6
  Downloaded semver v1.0.28
  Downloaded log v0.4.30
  Downloaded clap_complete v4.6.5
  Downloaded clap v4.6.1
  Downloaded bitflags v2.11.1
  Downloaded rustls-pki-types v1.14.1
  Downloaded rustls-native-certs v0.8.3
  Downloaded image-webp v0.2.4
  Downloaded mail-parser v0.11.3
  Downloaded http v1.4.1
   Compiling proc-macro2 v1.0.106
   Compiling quote v1.0.45
   Compiling unicode-ident v1.0.24
   Compiling libc v0.2.186
   Compiling cfg-if v1.0.4
   Compiling memchr v2.8.1
   Compiling pin-project-lite v0.2.17
   Compiling futures-core v0.3.32
   Compiling itoa v1.0.18
   Compiling log v0.4.30
   Compiling bytes v1.11.1
   Compiling shlex v1.3.0
   Compiling serde_core v1.0.228
   Compiling find-msvc-tools v0.1.9
   Compiling futures-sink v0.3.32
   Compiling smallvec v1.15.1
   Compiling stable_deref_trait v1.2.1
   Compiling once_cell v1.21.4
   Compiling version_check v0.9.5
   Compiling bitflags v2.11.1
   Compiling cc v1.2.62
   Compiling typenum v1.20.0
   Compiling slab v0.4.12
   Compiling zeroize v1.8.2
   Compiling futures-channel v0.3.32
   Compiling serde v1.0.228
   Compiling generic-array v0.14.7
   Compiling equivalent v1.0.2
   Compiling subtle v2.6.1
   Compiling futures-io v0.3.32
   Compiling thiserror v2.0.18
   Compiling futures-task v0.3.32
   Compiling heck v0.5.0
   Compiling rustls-pki-types v1.14.1
   Compiling core-foundation-sys v0.8.7
   Compiling zmij v1.0.21
   Compiling autocfg v1.5.1
   Compiling tracing-core v0.1.36
   Compiling serde_json v1.0.150
   Compiling ring v0.17.14
   Compiling num-traits v0.2.19
   Compiling tracing v0.1.44
   Compiling http v1.4.1
   Compiling untrusted v0.9.0
   Compiling strsim v0.11.1
   Compiling scopeguard v1.2.0
   Compiling lock_api v0.4.14
   Compiling hashbrown v0.17.1
   Compiling zerocopy v0.8.49
   Compiling either v1.16.0
   Compiling errno v0.3.14
   Compiling getrandom v0.2.17
   Compiling mio v1.2.0
   Compiling socket2 v0.6.3
   Compiling indexmap v2.14.0
   Compiling syn v2.0.117
   Compiling signal-hook-registry v1.4.8
   Compiling rand_core v0.6.4
   Compiling block-buffer v0.10.4
   Compiling crypto-common v0.1.7
   Compiling litemap v0.8.2
   Compiling writeable v0.6.3
   Compiling parking_lot_core v0.9.12
   Compiling aho-corasick v1.1.4
   Compiling icu_properties_data v2.2.0
   Compiling digest v0.10.7
   Compiling rand_core v0.10.1
   Compiling httparse v1.10.1
   Compiling utf8_iter v1.0.4
   Compiling regex-syntax v0.8.10
   Compiling icu_normalizer_data v2.2.0
   Compiling base64 v0.22.1
   Compiling percent-encoding v2.3.2
   Compiling rustls v0.23.40
   Compiling getrandom v0.4.2
   Compiling cpufeatures v0.2.17
   Compiling http-body v1.0.1
   Compiling lazy_static v1.5.0
   Compiling ryu v1.0.23
   Compiling parking_lot v0.12.5
   Compiling iana-time-zone v0.1.65
   Compiling crossbeam-utils v0.8.21
   Compiling httpdate v1.0.3
   Compiling getrandom v0.3.4
   Compiling fnv v1.0.7
   Compiling tower-service v0.3.3
   Compiling form_urlencoded v1.2.2
   Compiling thread_local v1.1.9
   Compiling anyhow v1.0.102
   Compiling try-lock v0.2.5
   Compiling utf8parse v0.2.2
   Compiling thiserror v1.0.69
   Compiling atomic-waker v1.1.2
   Compiling anstyle-parse v1.0.0
   Compiling want v0.3.1
   Compiling webpki-roots v1.0.7
   Compiling mime v0.3.17
   Compiling unicode-width v0.2.2
   Compiling is_terminal_polyfill v1.70.2
   Compiling anstyle-query v1.1.5
   Compiling colorchoice v1.0.5
   Compiling anstyle v1.0.14
   Compiling rustix v1.1.4
   Compiling unicase v2.9.0
   Compiling rand_core v0.9.5
   Compiling http-body-util v0.1.3
   Compiling sharded-slab v0.1.7
   Compiling regex-automata v0.4.14
   Compiling anstream v1.0.0
   Compiling core-foundation v0.10.1
   Compiling security-framework-sys v2.17.0
   Compiling sync_wrapper v1.0.2
   Compiling clap_lex v1.1.0
   Compiling nu-ansi-term v0.50.3
   Compiling ipnet v2.12.0
   Compiling vcpkg v0.2.15
   Compiling pkg-config v0.3.33
   Compiling tower-layer v0.3.3
   Compiling security-framework v3.7.0
   Compiling clap_builder v4.6.0
   Compiling mime_guess v2.0.5
   Compiling uuid v1.23.1
   Compiling sha2 v0.10.9
   Compiling libsqlite3-sys v0.35.0
   Compiling option-ext v0.2.0
   Compiling synstructure v0.13.2
   Compiling foldhash v0.1.5
   Compiling hashbrown v0.15.5
   Compiling dirs-sys v0.5.0
   Compiling sha1 v0.10.6
   Compiling inout v0.1.4
   Compiling winnow v1.0.3
   Compiling foldhash v0.2.0
   Compiling allocator-api2 v0.2.21
   Compiling data-encoding v2.11.0
   Compiling rustls-webpki v0.103.13
   Compiling rustls-native-certs v0.8.3
   Compiling ref-cast v1.0.25
   Compiling hashbrown v0.16.1
   Compiling cipher v0.4.4
   Compiling zerofrom-derive v0.1.7
   Compiling tokio-macros v2.7.0
   Compiling yoke-derive v0.8.2
   Compiling zerovec-derive v0.11.3
   Compiling displaydoc v0.2.6
   Compiling futures-macro v0.3.32
   Compiling serde_derive v1.0.228
   Compiling thiserror-impl v2.0.18
   Compiling tokio v1.52.3
   Compiling zerofrom v0.1.8
   Compiling zerocopy-derive v0.8.49
   Compiling strum_macros v0.27.2
   Compiling yoke v0.8.2
   Compiling futures-util v0.3.32
   Compiling thiserror-impl v1.0.69
   Compiling zerovec v0.11.6
   Compiling zerotrie v0.2.4
   Compiling matchers v0.2.0
   Compiling strum v0.27.2
   Compiling async-trait v0.1.89
   Compiling tracing-subscriber v0.3.23
   Compiling tinystr v0.8.3
   Compiling potential_utf v0.1.5
   Compiling clap_derive v4.6.1
   Compiling icu_collections v2.2.0
   Compiling icu_locale_core v2.2.0
   Compiling regex v1.12.3
   Compiling toml_parser v1.1.2+spec-1.1.0
   Compiling ref-cast-impl v1.0.25
   Compiling hashlink v0.10.0
   Compiling serde_derive_internals v0.29.1
   Compiling chrono v0.4.44
   Compiling serde_urlencoded v0.7.1
   Compiling icu_provider v2.2.0
   Compiling toml_datetime v1.1.1+spec-1.1.0
   Compiling webpki-roots v0.26.11
   Compiling universal-hash v0.5.1
   Compiling icu_properties v2.2.0
   Compiling icu_normalizer v2.2.0
   Compiling toml_writer v1.1.1+spec-1.1.0
   Compiling fallible-iterator v0.3.0
   Compiling fallible-streaming-iterator v0.1.9
   Compiling clap v4.6.1
   Compiling opaque-debug v0.3.1
   Compiling unicode-segmentation v1.13.2
   Compiling http-range-header v0.4.2
   Compiling tokio-util v0.7.18
   Compiling tokio-rustls v0.26.4
   Compiling tower v0.5.3
   Compiling rusqlite v0.37.0
   Compiling poly1305 v0.8.0
   Compiling schemars_derive v1.2.1
   Compiling h2 v0.4.14
   Compiling zeroclaw-api v0.8.0 (/Users/reinova/code/forks/zeroclaw-worktrees/core-v0.8.0/crates/zeroclaw-api)
   Compiling tokio-stream v0.1.18
   Compiling unic-langid-impl v0.9.6
   Compiling idna_adapter v1.2.2
   Compiling idna v1.1.0
   Compiling chacha20 v0.9.1
   Compiling dirs v6.0.0
   Compiling serde_spanned v1.1.1
   Compiling url v2.5.8
   Compiling chacha20 v0.10.0
   Compiling aead v0.5.2
   Compiling portable-atomic v1.13.1
   Compiling ppv-lite86 v0.2.21
   Compiling simd-adler32 v0.3.9
   Compiling dyn-clone v1.0.20
   Compiling crc32fast v1.5.0
   Compiling rustversion v1.0.22
   Compiling rand v0.10.1
   Compiling zeroclaw-log v0.8.0 (/Users/reinova/code/forks/zeroclaw-worktrees/core-v0.8.0/crates/zeroclaw-log)
   Compiling tower-http v0.6.11
   Compiling rand_chacha v0.9.0
   Compiling schemars v1.2.1
   Compiling chacha20poly1305 v0.10.1
   Compiling rand v0.9.4
   Compiling toml v1.1.2+spec-1.1.0
   Compiling shellexpand v3.1.2
   Compiling unic-langid v0.9.6
   Compiling tokio-socks v0.5.2
   Compiling toml_edit v0.25.12+spec-1.1.0
   Compiling lru v0.16.4
   Compiling zeroclaw-macros v0.8.0 (/Users/reinova/code/forks/zeroclaw-worktrees/core-v0.8.0/crates/zeroclaw-macros)
   Compiling directories v6.0.0
   Compiling hyper v1.10.0
   Compiling tungstenite v0.29.0
   Compiling zeroclaw-spawn v0.8.0 (/Users/reinova/code/forks/zeroclaw-worktrees/core-v0.8.0/crates/zeroclaw-spawn)
   Compiling concurrent-queue v2.5.0
   Compiling hostname v0.4.2
   Compiling hex v0.4.3
   Compiling fastrand v2.4.1
   Compiling ident_case v1.0.1
   Compiling adler2 v2.0.1
   Compiling miniz_oxide v0.8.9
   Compiling darling_core v0.23.0
   Compiling powerfmt v0.2.0
   Compiling rustc-hash v2.1.2
   Compiling self_cell v1.2.2
   Compiling deranged v0.5.8
   Compiling castaway v0.2.4
   Compiling tokio-tungstenite v0.29.0
   Compiling type-map v0.5.1
   Compiling flate2 v1.1.9
   Compiling tempfile v3.27.0
   Compiling hmac v0.12.1
   Compiling hyper-util v0.1.20
   Compiling itertools v0.14.0
   Compiling num_threads v0.1.7
   Compiling indoc v2.0.7
   Compiling time-core v0.1.8
   Compiling aardvark-sys v0.1.0 (/Users/reinova/code/forks/zeroclaw-worktrees/core-v0.8.0/crates/aardvark-sys)
   Compiling signal-hook v0.3.18
   Compiling parking v2.2.1
   Compiling instability v0.3.12
   Compiling siphasher v1.0.3
   Compiling num-conv v0.2.2
   Compiling static_assertions v1.1.0
   Compiling intl-memoizer v0.5.3
   Compiling compact_str v0.9.1
   Compiling event-listener v5.4.1
   Compiling self_cell v0.10.3
   Compiling zeroclaw-infra v0.8.0 (/Users/reinova/code/forks/zeroclaw-worktrees/core-v0.8.0/crates/zeroclaw-infra)
   Compiling time v0.3.47
   Compiling phf_shared v0.12.1
   Compiling intl_pluralrules v7.0.2
   Compiling fluent-langneg v0.13.1
   Compiling fdeflate v0.3.7
   Compiling convert_case v0.10.0
   Compiling futures-executor v0.3.32
   Compiling fluent-syntax v0.11.1
   Compiling kasuari v0.4.12
   Compiling console v0.16.3
   Compiling which v8.0.2
   Compiling spin v0.9.8
   Compiling libloading v0.8.9
   Compiling zune-core v0.5.1
   Compiling prometheus v0.14.0
   Compiling darling_macro v0.23.0
   Compiling glob v0.3.3
   Compiling hyper-rustls v0.27.9
   Compiling event-listener v2.5.3
   Compiling quick-error v2.0.1
   Compiling chrono-tz v0.10.4
   Compiling minimal-lexical v0.2.1
   Compiling infer v0.19.0
   Compiling urlencoding v2.1.3
   Compiling byteorder-lite v0.1.0
   Compiling darling v0.23.0
   Compiling reqwest v0.12.28
   Compiling unicode-truncate v2.0.1
   Compiling rustc-hash v1.1.0
   Compiling nanohtml2text v0.2.1
   Compiling pxfm v0.1.29
   Compiling nom v7.1.3
   Compiling fluent-bundle v0.15.3
   Compiling ratatui-core v0.1.0
   Compiling image-webp v0.2.4
   Compiling async-channel v1.9.0
   Compiling zune-jpeg v0.5.15
   Compiling flume v0.11.1
   Compiling png v0.18.1
   Compiling derive_more-impl v2.1.1
   Compiling futures v0.3.32
   Compiling phf v0.12.1
   Compiling event-listener-strategy v0.5.4
   Compiling pin-project-internal v1.1.13
   Compiling xattr v1.6.1
   Compiling rustls-webpki v0.102.8
   Compiling fuzzy-matcher v0.3.7
   Compiling filetime v0.2.29
   Compiling rustls-pemfile v2.2.0
   Compiling unit-prefix v0.5.2
   Compiling shell-words v1.1.1
   Compiling winnow v0.6.26
   Compiling typed-path v0.12.3
   Compiling bytemuck v1.25.0
   Compiling fixedbitset v0.5.7
   Compiling litrs v1.0.0
   Compiling pulldown-cmark v0.13.4
   Compiling dialoguer v0.12.0
   Compiling indicatif v0.18.4
   Compiling tar v0.4.46
   Compiling derive_more v2.1.1
   Compiling zeroclaw-config v0.8.0 (/Users/reinova/code/forks/zeroclaw-worktrees/core-v0.8.0/crates/zeroclaw-config)
   Compiling moxcms v0.8.1
   Compiling pin-project v1.1.13
   Compiling document-features v0.2.12
   Compiling zip v8.6.0
   Compiling rumqttc v0.25.1
   Compiling imap-proto v0.16.7
   Compiling async-channel v2.5.0
   Compiling signal-hook-mio v0.2.5
   Compiling stop-token v0.7.0
   Compiling fluent v0.16.1
   Compiling zeroclaw-tool-call-parser v0.8.0 (/Users/reinova/code/forks/zeroclaw-worktrees/core-v0.8.0/crates/zeroclaw-tool-call-parser)
   Compiling hashify v0.2.9
   Compiling axum-macros v0.5.1
   Compiling cron v0.15.0
   Compiling axum-core v0.5.6
   Compiling getopts v0.2.24
   Compiling serde_path_to_error v0.1.20
   Compiling email-encoding v0.4.1
   Compiling nom v8.0.0
   Compiling line-clipping v0.3.7
   Compiling email_address v0.2.9
   Compiling matchit v0.8.4
   Compiling quoted_printable v0.5.2
   Compiling pin-utils v0.1.0
   Compiling pulldown-cmark-escape v0.11.0
   Compiling ratatui-widgets v0.3.0
   Compiling async-imap v0.11.2
   Compiling mail-parser v0.11.3
   Compiling crossterm v0.29.0
   Compiling axum v0.8.9
   Compiling image v0.25.10
   Compiling zeroclaw-gateway v0.8.0 (/Users/reinova/code/forks/zeroclaw-worktrees/core-v0.8.0/crates/zeroclaw-gateway)
   Compiling crossbeam-epoch v0.9.18
   Compiling ratatui-crossterm v0.1.0
   Compiling ratatui-macros v0.7.0
   Compiling zeroclawlabs v0.8.0 (/Users/reinova/code/forks/zeroclaw-worktrees/core-v0.8.0)
   Compiling rayon-core v1.13.0
   Compiling ratatui v0.30.0
   Compiling crossbeam-deque v0.8.6
   Compiling half v2.7.1
   Compiling clap_complete v4.6.5
   Compiling clap-markdown v0.1.5
   Compiling alloca v0.4.0
   Compiling plotters-backend v0.3.7
   Compiling lettre v0.11.22
   Compiling ciborium-io v0.2.2
   Compiling ciborium-ll v0.2.2
   Compiling plotters-svg v0.3.7
   Compiling itertools v0.13.0
   Compiling num_cpus v1.17.0
   Compiling deadpool-runtime v0.1.4
   Compiling same-file v1.0.6
   Compiling cast v0.3.0
   Compiling walkdir v2.5.0
   Compiling deadpool v0.12.3
   Compiling rayon v1.12.0
   Compiling plotters v0.3.7
   Compiling ciborium v0.2.2
   Compiling yasna v0.5.2
   Compiling assert-json-diff v2.0.2
   Compiling criterion-plot v0.8.2
   Compiling tinytemplate v1.2.1
   Compiling pem v3.0.6
   Compiling page_size v0.6.0
   Compiling anes v0.1.6
   Compiling oorandom v11.1.5
   Compiling rcgen v0.13.2
   Compiling wiremock v0.6.5
   Compiling criterion v0.8.2
   Compiling zeroclaw-memory v0.8.0 (/Users/reinova/code/forks/zeroclaw-worktrees/core-v0.8.0/crates/zeroclaw-memory)
   Compiling zeroclaw-providers v0.8.0 (/Users/reinova/code/forks/zeroclaw-worktrees/core-v0.8.0/crates/zeroclaw-providers)
   Compiling zeroclaw-tools v0.8.0 (/Users/reinova/code/forks/zeroclaw-worktrees/core-v0.8.0/crates/zeroclaw-tools)
   Compiling zeroclaw-runtime v0.8.0 (/Users/reinova/code/forks/zeroclaw-worktrees/core-v0.8.0/crates/zeroclaw-runtime)
   Compiling zeroclaw-hardware v0.8.0 (/Users/reinova/code/forks/zeroclaw-worktrees/core-v0.8.0/crates/zeroclaw-hardware)
   Compiling zeroclaw-channels v0.8.0 (/Users/reinova/code/forks/zeroclaw-worktrees/core-v0.8.0/crates/zeroclaw-channels)
    Finished `dev` profile [unoptimized + debuginfo] target(s) in 1m 59s
BUILD_EXIT=0
